<html>
<body>
<pre>
<h1>µVision Build Log</h1>
<h2>Project:</h2>
C:\Keil\Labware\game\DXBall_game\SpaceInvaders.uvproj
Project File Date:  05/31/2020

<h2>Output:</h2>
</pre>
</body>
</html>
s'
compiling SpaceInvaders.c...
ModelPlayer.h(45): warning:  #1295-D: Deprecated declaration ball_init - give arg types
        void ball_init (); 
ModelPlayer.h(48): warning:  #1295-D: Deprecated declaration initlevel - give arg types
        void initlevel();
ModelPlayer.h(51): warning:  #1295-D: Deprecated declaration moveBall - give arg types
        void moveBall ();
ModelPlayer.h(57): warning:  #1295-D: Deprecated declaration getDiraction - give arg types
        unsigned int getDiraction();
ModelPlayer.h(60): warning:  #1295-D: Deprecated declaration Pll8ayer_getScore - give arg types
        unsigned int Pll8ayer_getScore();
ModelPlayer.h(63): warning:  #1295-D: Deprecated declaration EditScore - give arg types
        void EditScore();
ModelPlayer.h(77): warning:  #1295-D: Deprecated declaration ball_deleteCell - give arg types
     void ball_deleteCell();
ModelPlayer.h(88): warning:  #1295-D: Deprecated declaration GetX - give arg types
     int GetX();
ModelPlayer.h(89): warning:  #1295-D: Deprecated declaration GetY - give arg types
     int GetY();
ModelPlayer.h(90): warning:  #1295-D: Deprecated declaration GetD - give arg types
     int GetD();
ModelPlayer.h(91): warning:  #1295-D: Deprecated declaration GetScore - give arg types
     int GetScore();
ModelPlayer.h(92): warning:  #1295-D: Deprecated declaration GetLifes - give arg types
     int GetLifes();
ModelPlayer.h(94): warning:  #1-D: last line of file ends without a newline
         int GetLevel();
ModelPlayer.h(94): warning:  #1295-D: Deprecated declaration GetLevel - give arg types
         int GetLevel();
SpaceInvaders.c(14): warning:  #1295-D: Deprecated declaration Drawing - give arg types
  void Drawing();
SpaceInvaders.c(15): warning:  #1295-D: Deprecated declaration Init - give arg types
  void Init();
SpaceInvaders.c(16): warning:  #1295-D: Deprecated declaration isAlive - give arg types
  int isAlive();
SpaceInvaders.c(17): warning:  #1295-D: Deprecated declaration GameOver - give arg types
  void GameOver();
SpaceInvaders.c(54): warning:  #177-D: variable "i" was declared but never referenced
  int i,j;
SpaceInvaders.c(54): warning:  #177-D: variable "j" was declared but never referenced
  int i,j;
SpaceInvaders.c(83): warning:  #177-D: variable "i" was declared but never referenced
                int i,j;
SpaceInvaders.c(83): warning:  #177-D: variable "j" was declared but never referenced
                int i,j;
SpaceInvaders.c(199): warning:  #177-D: variable "i" was declared but never referenced
        int i,j;
SpaceInvaders.c(199): warning:  #177-D: variable "j" was declared but never referenced
        int i,j;
SpaceInvaders.c: 24 warnings, 0 errors
compiling TExaS.c...
compiling VirtualNokia5110.c...
compiling ModelPlayer.c...
ModelPlayer.h(45): warning:  #1295-D: Deprecated declaration ball_init - give arg types
        void ball_init (); 
ModelPlayer.h(48): warning:  #1295-D: Deprecated declaration initlevel - give arg types
        void initlevel();
ModelPlayer.h(51): warning:  #1295-D: Deprecated declaration moveBall - give arg types
        void moveBall ();
ModelPlayer.h(57): warning:  #1295-D: Deprecated declaration getDiraction - give arg types
        unsigned int getDiraction();
ModelPlayer.h(60): warning:  #1295-D: Deprecated declaration Pll8ayer_getScore - give arg types
        unsigned int Pll8ayer_getScore();
ModelPlayer.h(63): warning:  #1295-D: Deprecated declaration EditScore - give arg types
        void EditScore();
ModelPlayer.h(77): warning:  #1295-D: Deprecated declaration ball_deleteCell - give arg types
     void ball_deleteCell();
ModelPlayer.h(88): warning:  #1295-D: Deprecated declaration GetX - give arg types
     int GetX();
ModelPlayer.h(89): warning:  #1295-D: Deprecated declaration GetY - give arg types
     int GetY();
ModelPlayer.h(90): warning:  #1295-D: Deprecated declaration GetD - give arg types
     int GetD();
ModelPlayer.h(91): warning:  #1295-D: Deprecated declaration GetScore - give arg types
     int GetScore();
ModelPlayer.h(92): warning:  #1295-D: Deprecated declaration GetLifes - give arg types
     int GetLifes();
ModelPlayer.h(94): warning:  #1-D: last line of file ends without a newline
         int GetLevel();
ModelPlayer.h(94): warning:  #1295-D: Deprecated declaration GetLevel - give arg types
         int GetLevel();
ModelPlayer.c(11): warning:  #177-D: variable "i" was declared but never referenced
        int i,j;
ModelPlayer.c(11): warning:  #177-D: variable "j" was declared but never referenced
        int i,j;
ModelPlayer.c(206): warning:  #1-D: last line of file ends without a newline
  }
ModelPlayer.c: 17 warnings, 0 errors
linking...
Program Size: Code=6172 RO-data=1804 RW-data=140 ZI-data=2924  
".\SpaceInvaders.axf" - 0 Error(s), 41 Warning(s).
